../Core/Inc/tinygps.h:84:14:library_version	4	static
../Core/Src/main.c:87:6:HAL_UARTEx_RxEventCallback	24	static
../Core/Src/main.c:113:5:main	184	static
../Core/Src/main.c:236:6:SystemClock_Config	88	static
../Core/Src/main.c:282:13:MX_USART1_UART_Init	8	static
../Core/Src/main.c:313:13:MX_DMA_Init	16	static
../Core/Src/main.c:334:13:MX_GPIO_Init	40	static
../Core/Src/main.c:376:6:gps_processNMEA	24	static
../Core/Src/main.c:385:6:gps_init	88	static
../Core/Src/main.c:416:5:gps_command	24	static
../Core/Src/main.c:460:6:gps_updateMode	224	static
../Core/Src/main.c:494:9:get_checksum	24	static
../Core/Src/main.c:513:6:Error_Handler	4	static,ignoring_inline_asm
