../Core/Inc/tinygps.h:84:14:library_version	4	static
../Core/Src/main.c:129:6:HAL_UARTEx_RxEventCallback	32	static
../Core/Src/main.c:169:6:HAL_TIM_PeriodElapsedCallback	64	static
../Core/Src/main.c:238:5:main	192	static
../Core/Src/main.c:559:6:SystemClock_Config	88	static
../Core/Src/main.c:605:13:MX_TIM2_Init	32	static
../Core/Src/main.c:650:13:MX_TIM3_Init	32	static
../Core/Src/main.c:695:13:MX_USART1_UART_Init	8	static
../Core/Src/main.c:728:13:MX_USART2_UART_Init	8	static
../Core/Src/main.c:759:13:MX_DMA_Init	16	static
../Core/Src/main.c:787:13:MX_GPIO_Init	48	static
../Core/Src/main.c:843:6:gps_processNMEA	24	static
../Core/Src/main.c:852:6:gps_init	96	static
../Core/Src/main.c:882:5:gps_command	32	static
../Core/Src/main.c:922:6:gps_updateMode	208	static
../Core/Src/main.c:956:9:get_checksum	24	static
../Core/Src/main.c:970:6:mode_update	24	static
../Core/Src/main.c:1018:6:Error_Handler	4	static,ignoring_inline_asm
