../Core/Inc/tinygps.h:84:14:library_version	4	static
../Core/Src/tinygps.c:66:6:gpsisdigit	16	static
../Core/Src/tinygps.c:84:9:uptime	16	static
../Core/Src/tinygps.c:90:7:radians	16	static
../Core/Src/tinygps.c:95:7:degrees	16	static
../Core/Src/tinygps.c:100:6:gps_encode	24	static
../Core/Src/tinygps.c:144:6:gps_stats	24	static
../Core/Src/tinygps.c:159:5:from_hex	16	static
../Core/Src/tinygps.c:169:15:gps_parse_decimal	24	static
../Core/Src/tinygps.c:197:15:gps_parse_degrees	24	static
../Core/Src/tinygps.c:225:6:gps_term_complete	24	static
../Core/Src/tinygps.c:341:6:gpsatol	24	static
../Core/Src/tinygps.c:349:5:gpsstrcmp	16	static
../Core/Src/tinygps.c:357:7:gps_distance_between	64	static
../Core/Src/tinygps.c:382:7:gps_course_to	48	static
../Core/Src/tinygps.c:402:13:gps_cardinal	24	static
../Core/Src/tinygps.c:411:6:gps_get_position	24	static
../Core/Src/tinygps.c:423:6:gps_get_datetime	24	static
../Core/Src/tinygps.c:434:6:gps_f_get_position	32	static
../Core/Src/tinygps.c:442:6:gps_crack_datetime	32	static
../Core/Src/tinygps.c:462:7:gps_f_altitude	8	static
../Core/Src/tinygps.c:467:7:gps_f_course	8	static
../Core/Src/tinygps.c:472:7:gps_f_speed_knots	8	static
../Core/Src/tinygps.c:477:7:gps_f_speed_mph	16	static
../Core/Src/tinygps.c:483:7:gps_f_speed_mps	16	static
../Core/Src/tinygps.c:489:7:gps_f_speed_kmph	16	static
